Using CPython 3.12.12
Creating virtual environment at: .venv
Activate with: source .venv/bin/activate
Resolved 185 packages in 944ms
Downloading notebook (13.8MiB)
Downloading keras (1.4MiB)
Downloading torchaudio (1.8MiB)
Downloading setuptools (1.0MiB)
Downloading jupyterlab (11.8MiB)
Downloading debugpy (4.1MiB)
Downloading aiohttp (1.7MiB)
Downloading torchvision (7.7MiB)
Downloading transformers (9.7MiB)
Downloading torch (873.3MiB)
Downloading cuda-bindings (11.6MiB)
Downloading pandas (10.4MiB)
Downloading tokenizers (3.1MiB)
Downloading pillow (6.7MiB)
Downloading triton (179.5MiB)
Downloading scipy (33.4MiB)
Downloading opencv-python-headless (59.6MiB)
Downloading opencv-contrib-python (75.5MiB)
Downloading numpy (15.6MiB)
Downloading nvidia-nvshmem-cu12 (132.7MiB)
Downloading pyarrow (45.4MiB)
 Downloading aiohttp
 Downloading torchaudio
 Downloading setuptools
 Downloading keras
 Downloading tokenizers
 Downloading debugpy
 Downloading pillow
 Downloading torchvision
 Downloading transformers
 Downloading pandas
 Downloading cuda-bindings
 Downloading jupyterlab
 Downloading notebook
 Downloading numpy
 Downloading scipy
 Downloading pyarrow
 Downloading opencv-python-headless
 Downloading opencv-contrib-python
 Downloading nvidia-nvshmem-cu12
 Downloading triton
 Downloading torch
Prepared 60 packages in 16.97s
Installed 185 packages in 388ms
 + absl-py==2.3.1
 + accelerate==1.12.0
 + aiohappyeyeballs==2.6.1
 + aiohttp==3.13.3
 + aiosignal==1.4.0
 + anyio==4.12.1
 + argon2-cffi==25.1.0
 + argon2-cffi-bindings==25.1.0
 + arrow==1.4.0
 + asttokens==3.0.1
 + astunparse==1.6.3
 + async-lru==2.1.0
 + attrs==25.4.0
 + babel==2.17.0
 + beautifulsoup4==4.14.3
 + bleach==6.3.0
 + certifi==2026.1.4
 + cffi==2.0.0
 + charset-normalizer==3.4.4
 + click==8.3.1
 + comm==0.2.3
 + contourpy==1.3.3
 + cuda-bindings==12.9.4
 + cuda-pathfinder==1.3.3
 + cycler==0.12.1
 + datasets==4.5.0
 + debugpy==1.8.19
 + decorator==5.2.1
 + defusedxml==0.7.1
 + dill==0.4.0
 + executing==2.2.1
 + fastjsonschema==2.21.2
 + filelock==3.20.3
 + flatbuffers==25.12.19
 + fonttools==4.61.1
 + fqdn==1.5.1
 + frozenlist==1.8.0
 + fsspec==2025.10.0
 + gast==0.7.0
 + google-pasta==0.2.0
 + grpcio==1.76.0
 + h11==0.16.0
 + h5py==3.15.1
 + hf-xet==1.2.0
 + httpcore==1.0.9
 + httpx==0.28.1
 + huggingface-hub==1.3.4
 + idna==3.11
 + imbalanced-learn==0.14.1
 + ipykernel==7.1.0
 + ipython==9.9.0
 + ipython-pygments-lexers==1.1.1
 + isoduration==20.11.0
 + jedi==0.19.2
 + jinja2==3.1.6
 + joblib==1.5.3
 + json5==0.13.0
 + jsonpointer==3.0.0
 + jsonschema==4.26.0
 + jsonschema-specifications==2025.9.1
 + jupyter-client==8.8.0
 + jupyter-core==5.9.1
 + jupyter-events==0.12.0
 + jupyter-lsp==2.3.0
 + jupyter-server==2.17.0
 + jupyter-server-terminals==0.5.4
 + jupyterlab==4.5.3
 + jupyterlab-pygments==0.3.0
 + jupyterlab-server==2.28.0
 + keras==3.13.1
 + kiwisolver==1.4.9
 + language-tool-python==3.2.2
 + lark==1.3.1
 + libclang==18.1.1
 + markdown==3.10.1
 + markdown-it-py==4.0.0
 + markupsafe==3.0.3
 + matplotlib==3.10.8
 + matplotlib-inline==0.2.1
 + mdurl==0.1.2
 + mistune==3.2.0
 + ml-dtypes==0.5.4
 + mpmath==1.3.0
 + multidict==6.7.1
 + multiprocess==0.70.18
 + namex==0.1.0
 + nbclient==0.10.4
 + nbconvert==7.16.6
 + nbformat==5.10.4
 + nest-asyncio==1.6.0
 + networkx==3.6.1
 + notebook==7.5.3
 + notebook-shim==0.2.4
 + numpy==2.4.1
 + nvidia-cublas-cu12==12.8.4.1
 + nvidia-cuda-cupti-cu12==12.8.90
 + nvidia-cuda-nvrtc-cu12==12.8.93
 + nvidia-cuda-runtime-cu12==12.8.90
 + nvidia-cudnn-cu12==9.10.2.21
 + nvidia-cufft-cu12==11.3.3.83
 + nvidia-cufile-cu12==1.13.1.3
 + nvidia-curand-cu12==10.3.9.90
 + nvidia-cusolver-cu12==11.7.3.90
 + nvidia-cusparse-cu12==12.5.8.93
 + nvidia-cusparselt-cu12==0.7.1
 + nvidia-nccl-cu12==2.27.5
 + nvidia-nvjitlink-cu12==12.8.93
 + nvidia-nvshmem-cu12==3.4.5
 + nvidia-nvtx-cu12==12.8.90
 + opencv-contrib-python==4.13.0.90
 + opencv-python-headless==4.13.0.90
 + opt-einsum==3.4.0
 + optree==0.18.0
 + packaging==26.0
 + pandas==3.0.0
 + pandocfilters==1.5.1
 + parso==0.8.5
 + pexpect==4.9.0
 + pillow==12.1.0
 + platformdirs==4.5.1
 + prometheus-client==0.24.1
 + prompt-toolkit==3.0.52
 + propcache==0.4.1
 + protobuf==6.33.4
 + psutil==7.2.1
 + ptyprocess==0.7.0
 + pure-eval==0.2.3
 + pyarrow==23.0.0
 + pycparser==3.0
 + pygments==2.19.2
 + pyparsing==3.3.2
 + python-dateutil==2.9.0.post0
 + python-json-logger==4.0.0
 + pyyaml==6.0.3
 + pyzmq==27.1.0
 + referencing==0.37.0
 + regex==2026.1.15
 + requests==2.32.5
 + rfc3339-validator==0.1.4
 + rfc3986-validator==0.1.1
 + rfc3987-syntax==1.1.0
 + rich==14.3.1
 + rpds-py==0.30.0
 + safetensors==0.7.0
 + scikit-learn==1.8.0
 + scipy==1.17.0
 + send2trash==2.1.0
 + setuptools==80.10.2
 + shellingham==1.5.4
 + six==1.17.0
 + sklearn-compat==0.1.5
 + soupsieve==2.8.3
 + stack-data==0.6.3
 + sympy==1.14.0
 + tensorboard==2.20.0
 + tensorboard-data-server==0.7.2
 + tensorflow==2.20.0
 + termcolor==3.3.0
 + terminado==0.18.1
 + threadpoolctl==3.6.0
 + tinycss2==1.4.0
 + tokenizers==0.22.2
 + toml==0.10.2
 + torch==2.10.0
 + torchaudio==2.10.0
 + torchvision==0.25.0
 + tornado==6.5.4
 + tqdm==4.67.1
 + traitlets==5.14.3
 + transformers==5.0.0
 + triton==3.6.0
 + typer-slim==0.21.1
 + typing-extensions==4.15.0
 + tzdata==2025.3
 + uri-template==1.3.0
 + urllib3==2.6.3
 + wcwidth==0.5.0
 + webcolors==25.10.0
 + webencodings==0.5.1
 + websocket-client==1.9.0
 + werkzeug==3.1.5
 + wheel==0.46.3
 + wrapt==2.0.1
 + xxhash==3.6.0
 + yarl==1.22.0
Resolved 134 packages in 129ms
Installed 9 packages in 7ms
 + ansicolors==1.1.8
 + entrypoints==0.4
 + ipywidgets==8.1.8
 + jupyter==1.1.1
 + jupyter-console==6.6.3
 + jupyterlab-widgets==3.0.16
 + papermill==2.6.0
 + tenacity==9.1.2
 + widgetsnbextension==4.0.15
Input Notebook:  /home/lcoussy/Yolo_Project_Final/test_CNN_pytorch-pretrained_backbone.ipynb
Output Notebook: /home/lcoussy/Yolo_Project_Final/test_CNN_pytorch-pretrained_backbone_out-2117.ipynb
Executing:   0%|          | 0/34 [00:00<?, ?cell/s]Executing notebook with kernel: yolo_kernel
Executing:   3%|▎         | 1/34 [00:00<00:26,  1.23cell/s]2026-01-27 20:35:15.640390: I tensorflow/core/util/port.cc:153] oneDNN custom operations are on. You may see slightly different numerical results due to floating-point round-off errors from different computation orders. To turn them off, set the environment variable `TF_ENABLE_ONEDNN_OPTS=0`.
2026-01-27 20:35:15.858608: I tensorflow/core/platform/cpu_feature_guard.cc:210] This TensorFlow binary is optimized to use available CPU instructions in performance-critical operations.
To enable the following instructions: AVX2 AVX512F AVX512_VNNI AVX512_BF16 AVX512_FP16 AVX_VNNI AMX_TILE AMX_INT8 AMX_BF16 FMA, in other operations, rebuild TensorFlow with the appropriate compiler flags.
2026-01-27 20:35:19.126233: I tensorflow/core/util/port.cc:153] oneDNN custom operations are on. You may see slightly different numerical results due to floating-point round-off errors from different computation orders. To turn them off, set the environment variable `TF_ENABLE_ONEDNN_OPTS=0`.
Executing:   6%|▌         | 2/34 [00:10<03:04,  5.76s/cell]Executing:  12%|█▏        | 4/34 [00:12<01:29,  2.98s/cell]Executing:  21%|██        | 7/34 [00:30<02:04,  4.60s/cell]Executing:  26%|██▋       | 9/34 [1:56:22<8:32:44, 1230.56s/cell]Executing:  32%|███▏      | 11/34 [1:56:23<5:13:36, 818.09s/cell]Executing:  44%|████▍     | 15/34 [1:56:24<2:12:22, 418.01s/cell]Executing:  62%|██████▏   | 21/34 [1:56:25<44:12, 204.07s/cell]  Executing:  71%|███████   | 24/34 [1:56:25<24:54, 149.45s/cell]Executing:  76%|███████▋  | 26/34 [1:56:40<19:55, 149.45s/cell]Executing:  79%|███████▉  | 27/34 [9:02:27<4:47:37, 2465.40s/cell]Executing:  82%|████████▏ | 28/34 [9:07:39<3:41:28, 2214.74s/cell]Executing:  85%|████████▌ | 29/34 [9:07:43<2:38:17, 1899.54s/cell]Executing:  91%|█████████ | 31/34 [9:07:54<1:07:33, 1351.28s/cell]Executing:  94%|█████████▍| 32/34 [9:07:58<37:20, 1120.43s/cell]  [ WARN:0@32879.695] global cap_ffmpeg.cpp:218 write FFmpeg: Failed to write frame
qt.qpa.xcb: could not connect to display 
Kernel died while waiting for execute reply.
Executing:  97%|█████████▋| 33/34 [9:08:03<15:01, 901.10s/cell] Executing:  97%|█████████▋| 33/34 [9:08:03<16:36, 996.47s/cell]
Traceback (most recent call last):
  File "/home/lcoussy/slurm/yolo-project-final/train/.venv/lib/python3.12/site-packages/papermill/cli.py", line 235, in papermill
    execute_notebook(
  File "/home/lcoussy/slurm/yolo-project-final/train/.venv/lib/python3.12/site-packages/papermill/execute.py", line 116, in execute_notebook
    nb = papermill_engines.execute_notebook_with_engine(
         ^^^^^^^^^^^^^^^^^^^^^^^^^^^^^^^^^^^^^^^^^^^^^^^
  File "/home/lcoussy/slurm/yolo-project-final/train/.venv/lib/python3.12/site-packages/papermill/engines.py", line 48, in execute_notebook_with_engine
    return self.get_engine(engine_name).execute_notebook(nb, kernel_name, **kwargs)
           ^^^^^^^^^^^^^^^^^^^^^^^^^^^^^^^^^^^^^^^^^^^^^^^^^^^^^^^^^^^^^^^^^^^^^^^^
  File "/home/lcoussy/slurm/yolo-project-final/train/.venv/lib/python3.12/site-packages/papermill/engines.py", line 370, in execute_notebook
    cls.execute_managed_notebook(nb_man, kernel_name, log_output=log_output, **kwargs)
  File "/home/lcoussy/slurm/yolo-project-final/train/.venv/lib/python3.12/site-packages/papermill/engines.py", line 442, in execute_managed_notebook
    return PapermillNotebookClient(nb_man, **final_kwargs).execute()
           ^^^^^^^^^^^^^^^^^^^^^^^^^^^^^^^^^^^^^^^^^^^^^^^^^^^^^^^^^
  File "/home/lcoussy/slurm/yolo-project-final/train/.venv/lib/python3.12/site-packages/papermill/clientwrap.py", line 45, in execute
    self.papermill_execute_cells()
  File "/home/lcoussy/slurm/yolo-project-final/train/.venv/lib/python3.12/site-packages/papermill/clientwrap.py", line 72, in papermill_execute_cells
    self.execute_cell(cell, index)
  File "/home/lcoussy/slurm/yolo-project-final/train/.venv/lib/python3.12/site-packages/jupyter_core/utils/__init__.py", line 165, in wrapped
    return loop.run_until_complete(inner)
           ^^^^^^^^^^^^^^^^^^^^^^^^^^^^^^
  File "/home/lcoussy/.local/share/uv/python/cpython-3.12.12-linux-x86_64-gnu/lib/python3.12/asyncio/base_events.py", line 691, in run_until_complete
    return future.result()
           ^^^^^^^^^^^^^^^
  File "/home/lcoussy/slurm/yolo-project-final/train/.venv/lib/python3.12/site-packages/nbclient/client.py", line 1009, in async_execute_cell
    raise DeadKernelError("Kernel died") from None
nbclient.exceptions.DeadKernelError: Kernel died
